// Jest Snapshot v1, https://goo.gl/fbAQLP

exports[`EnrollSecurityInfoPage should render 1`] = `
<div>
  <div>
    <div>
      <div
        class="page-header page-header--no-padding"
        id=""
      >
        <div
          class="progression-bar"
        >
          <div
            class="title"
          >
            Security Info
          </div>
          <div
            class="progress-step"
          >
            <div
              class="progress"
            >
              <div
                aria-valuemax="100"
                aria-valuemin="0"
                aria-valuenow="100"
                class="progress-bar"
                role="progressbar"
                style="width: 100%;"
              />
            </div>
            <span
              class="step-item step-item--completed"
              style="left: 0%;"
            >
              <span
                class="step-item--inner"
              >
                <i
                  class="completed-check icon icon_check"
                />
              </span>
            </span>
            <span
              class="step-item step-item--completed"
              style="left: 50%;"
            >
              <span
                class="step-item--inner"
              >
                <i
                  class="completed-check icon icon_check"
                />
              </span>
            </span>
            <span
              class="step-item step-item--current"
              style="left: 100%;"
            >
              <span
                class="step-item--inner"
              >
                <i
                  class="icon icon_user"
                />
              </span>
            </span>
          </div>
          <div
            class="progression-bar--sub-title-flex"
          >
            <div
              class="progression-bar--sub-title"
            >
              Personal
            </div>
            <div
              class="progression-bar--sub-title"
            >
              Contact
            </div>
            <div
              class="progression-bar--sub-title"
            >
              Security
            </div>
          </div>
        </div>
      </div>
      <div />
    </div>
    <div>
      <form
        class="enroll-security-info-form form"
        name="ENROLL_SECURITY_INFO_FORM"
        novalidate=""
      >
        <fieldset>
          <div
            class="segments"
          >
            <div
              class="secondary segment"
            >
              <div
                class="fields divided grouped"
              >
                <label
                  class="fields--label"
                >
                  ACCOUNT ACCESS
                </label>
                <div
                  class="field"
                >
                  <div
                    class="input"
                  >
                    <input
                      class=""
                      name="userName"
                      placeholder="Username"
                      value=""
                    />
                  </div>
                </div>
                <div
                  class="field"
                >
                  <div
                    class="input"
                  >
                    <input
                      class=""
                      name="password"
                      placeholder="Password"
                      type="password"
                      value=""
                    />
                  </div>
                </div>
                <div
                  class="field"
                >
                  <div
                    class="input"
                  >
                    <input
                      class=""
                      name="confirmedPassword"
                      placeholder="Confirm password"
                      type="password"
                      value=""
                    />
                  </div>
                </div>
                <div
                  class="helper-text"
                >
                  <p
                    class="helper-text--title"
                  >
                    ENROLL_HELPER_TEXT_PASSWORD_TITLE
                  </p>
                  <p
                    class="helper-text--uppercase-letter"
                  >
                    ENROLL_HELPER_TEXT_PASSWORD_RULE_UPPERCASE_LETTER
                  </p>
                  <p
                    class="helper-text--number"
                  >
                    ENROLL_HELPER_TEXT_PASSWORD_RULE_NUMBER
                  </p>
                  <div>
                    ENROLL_HELPER_TEXT_PASSWORD_RULE_SPECIAL_CHARACTER
                    <div
                      class="helper-text--special-character-specification"
                    >
                      <span
                        class="helper-text--special-character_include"
                      >
                        ENROLL_HELPER_TEXT_PASSWORD_SPECIAL_CHARACTERS
                      </span>
                      <span
                        class="helper-text--special-character_not-include"
                      >
                        ENROLL_HELPER_TEXT_PASSWORD_SPECIAL_CHARACTERS_NOT_INCLUDE
                      </span>
                      <p
                        class="helper-text--special-character_hint"
                      >
                        ENROLL_HELPER_TEXT_PASSWORD_SPECIAL_CHARACTERS_HINT
                      </p>
                    </div>
                  </div>
                </div>
              </div>
            </div>
            <div
              class="secondary segment"
            >
              <div
                class="fields divided grouped"
              >
                <label
                  class="fields--label"
                >
                  SECURITY QUESTIONS
                </label>
                <div
                  class="field"
                >
                  <a
                    class="nav-item-link nav-item-field security-question-nav-field"
                    name="question1"
                  >
                    <div
                      class="fullwidth"
                    >
                      <span>
                        Choose your security question
                      </span>
                      <div
                        class="nav-item-field-value"
                        data-qa="nav-item-field-value"
                      />
                    </div>
                    <i
                      class="nav-item-link--icon icon icon_keyboard-arrow-right"
                    />
                  </a>
                </div>
                <div
                  class="field"
                >
                  <div
                    class="input"
                  >
                    <input
                      class=""
                      name="answer1"
                      placeholder="Answer"
                      value=""
                    />
                  </div>
                </div>
                <div
                  class="field"
                >
                  <a
                    class="nav-item-link nav-item-field security-question-nav-field"
                    name="question2"
                  >
                    <div
                      class="fullwidth"
                    >
                      <span>
                        Choose your security question
                      </span>
                      <div
                        class="nav-item-field-value"
                        data-qa="nav-item-field-value"
                      />
                    </div>
                    <i
                      class="nav-item-link--icon icon icon_keyboard-arrow-right"
                    />
                  </a>
                </div>
                <div
                  class="field"
                >
                  <div
                    class="input"
                  >
                    <input
                      class=""
                      name="answer2"
                      placeholder="Answer"
                      value=""
                    />
                  </div>
                </div>
                <div
                  class="field"
                >
                  <div
                    class="input"
                  >
                    <input
                      class=""
                      name="promoCode"
                      placeholder="Enrollment promo code (optional)"
                      value=""
                    />
                  </div>
                </div>
              </div>
              <div
                class="field"
              >
                <div
                  class="checkbox-button relative flex flex-cross-start"
                  data-qa="acceptRulesCheckbox"
                  name="acceptRulesAndRegulations"
                >
                  <div>
                    <span
                      class="checkbox-button--mark"
                    >
                      <i
                        class="absolute xlarge bgtransp icon icon_check"
                      />
                    </span>
                  </div>
                  <div>
                    <div
                      class="checkbox-button--children flex-equal-width ml2"
                    >
                      <div
                        class="medium ml4"
                      >
                        <div
                          class="enroll-acknowledgement-link"
                          data-qa="enroll-acknowledgement"
                        >
                          RULES_ACKNOWLEDGE_MESSAGE
                        </div>
                      </div>
                    </div>
                  </div>
                </div>
              </div>
            </div>
            <div
              class="blue inverted segment"
              color="blue"
            >
              <button
                class="continue button button--fluid huge button--yellow"
                data-qa="continue-button"
                type="submit"
              >
                ENROLL_CREATE_ACCOUNT
              </button>
            </div>
            <div
              class="segment"
            >
              <a
                class="pblue"
                href="/terms-and-conditions?clk=GNAVTC"
                target="_blank"
              >
                SHARED__FOOTER__TERMS_AND_CONDITIONS
              </a>
            </div>
          </div>
        </fieldset>
      </form>
    </div>
  </div>
</div>
`;
