// Jest Snapshot v1, https://goo.gl/fbAQLP

exports[`formRadioMarkField Should render radio field 1`] = `
<div>
  <form>
    <div
      class="field"
    >
      <div
        class="radio-1"
      >
        <div
          class="flex2 flex flex-main-center"
        >
          <span
            class="radio-button--mark"
          >
            <span
              class="radio-input--mark active"
            />
          </span>
        </div>
      </div>
    </div>
  </form>
</div>
`;
