// Jest Snapshot v1, https://goo.gl/fbAQLP

exports[`FormInputMaskAllField when invalid should show error message 1`] = `
<div>
  <form>
    <div
      class="field error"
    >
      <div
        class="mask-field input"
      >
        <input
          class=""
          icon="exclamation-circle"
          name="name"
          value=""
        />
        <i
          class="icon icon_exclamation-circle"
        />
      </div>
      <span
        class="field--error-msg"
      >
        something wrong
      </span>
    </div>
  </form>
</div>
`;
