// Jest Snapshot v1, https://goo.gl/fbAQLP

exports[`Icon Icon should render when with prop \`type\`  1`] = `
<div>
  <i
    class="icon icon_cloud"
  />
</div>
`;
