// Jest Snapshot v1, https://goo.gl/fbAQLP

exports[`UpcomingTripsPage with upcoming trips and one multi segment flight is check in eligible and has already checked in and is eligible for mobile boarding pass should show boarding group and position for each segment 1`] = `
<div>
  <div>
    <div
      class="my-trips-header"
    >
      <div>
        <div
          class="page-header"
          id=""
        >
          <span
            class="my-trips-header--title"
          >
            MY_ACCOUNT__MY_TRIPS
          </span>
          <span
            class="my-trips-header--select-container"
          >
            <div
              class="my-trips-header--select select-input formatted input"
            >
              <span
                class="formatted-input formatted-input--fill"
              >
                <select
                  class="dropdown"
                  data-qa="select-dropdown"
                >
                  <option
                    data-qa="dqa-enabled-option"
                    value="UPCOMING"
                  >
                    Upcoming Trips
                  </option>
                  <option
                    data-qa="dqa-enabled-option"
                    value="PAST"
                  >
                    Past Flights
                  </option>
                  <option
                    data-qa="dqa-enabled-option"
                    value="SAVED"
                  >
                    Saved Flights
                  </option>
                </select>
              </span>
              <input
                class=""
                icon="caret-down"
                value="UPCOMING"
              />
              <i
                class="icon icon_caret-down"
              />
            </div>
          </span>
        </div>
        <div />
      </div>
    </div>
    <div
      class="custom-container"
    >
      <div
        class="my-trips-number-header"
      >
        <span>
          1
           
          UPCOMING
        </span>
      </div>
      <div>
        <div
          class="trip-card"
        >
          <div>
            <div
              class="carousel-container"
              style="visibility: visible;"
            >
              <div
                class="carousel-wrapper"
                style="width: 0px; height: 0px;"
              >
                <div
                  class="carousel-child"
                  data-index="0"
                  style="width: 0px; left: 0px; transition-duration: 0ms; webkit-transition-duration: 0ms; webkit-transform: translate(0px,0)translateZ(0);"
                >
                  <div>
                    <div
                      class="detailed-trip-card"
                    >
                      <div
                        class="trip-card-header"
                      >
                        <div
                          class="trip-card-header--date-and-destination"
                        >
                          <span
                            class="trip-card-header--destination-airport"
                          >
                            Austin
                          </span>
                          <span
                            class="trip-card-header--trip-date"
                          >
                            Thu, Oct 12
                          </span>
                        </div>
                        <div
                          class="trip-card-header--icon-or-confirmation-number"
                        >
                          <span
                            class="trip-card-header--confirmation-number"
                          >
                            <span
                              class="trip-card-header--confirmation-number_label"
                            >
                              MY_ACCOUNT__CONFIRMATION_NUMBER
                            </span>
                            <span
                              class="trip-card-header--confirmation-number_number"
                            >
                              STMXQ6
                            </span>
                          </span>
                        </div>
                      </div>
                      <hr
                        class="detailed-trip-card--divider"
                      />
                      <div>
                        <div
                          class="flight-segment-details"
                        >
                          <div
                            class="flight-segment-details--time-and-flight"
                          >
                            <div
                              class="flight-segment-details--time-block"
                            >
                              <div
                                class="flight-segment-details--time-block-label"
                              >
                                SHARED__FLIGHT_SEGMENT_DETAILS__DEPARTS
                              </div>
                              <div
                                class="flight-segment-details--time-block-time"
                              >
                                9:00
                                <span
                                  class="flight-segment-details--time-block-time-ampm"
                                >
                                  AM
                                </span>
                              </div>
                            </div>
                            <div
                              class="flight-segment-details--flight-number"
                            >
                              <div>
                                SHARED__FLIGHT_SEGMENT_DETAILS__FLIGHT
                                 
                                726
                              </div>
                              <i
                                class="icon icon_airplane"
                              />
                            </div>
                            <div
                              class="flight-segment-details--time-block align-right"
                            >
                              <div
                                class="flight-segment-details--time-block-label"
                              >
                                SHARED__FLIGHT_SEGMENT_DETAILS__ARRIVES
                              </div>
                              <div
                                class="flight-segment-details--time-block-time"
                              >
                                9:55
                                <span
                                  class="flight-segment-details--time-block-time-ampm"
                                >
                                  AM
                                </span>
                              </div>
                            </div>
                          </div>
                          <div
                            class="flight-segment-details--airports"
                          >
                            <div
                              class="flight-segment-details--airport-info pr3"
                            >
                              Dallas (Love Field), TX - DAL
                            </div>
                            <div
                              class="flight-segment-details--airport-info pl3 align-right"
                            >
                              Austin, TX - AUS
                            </div>
                          </div>
                        </div>
                        <div
                          class="boarding-info boarding-information center pt5 pb5 mt3"
                        >
                          <div
                            class="boarding-information--item-row"
                          >
                            <div
                              class="boarding-information--item"
                            >
                              <div
                                class="boarding-information--item-label"
                              >
                                SHARED__BOARDING_INFORMATION__GATE
                              </div>
                              <div
                                class="boarding-information--item-info"
                              >
                                ---
                              </div>
                            </div>
                            <div
                              class="boarding-information--item"
                            >
                              <div
                                class="boarding-information--item-label"
                              >
                                SHARED__BOARDING_INFORMATION__GROUP
                              </div>
                              <div
                                class="boarding-information--item-info"
                              >
                                A
                              </div>
                            </div>
                            <div
                              class="boarding-information--item"
                            >
                              <div
                                class="boarding-information--item-label"
                              >
                                SHARED__BOARDING_INFORMATION__POSITION
                              </div>
                              <div
                                class="boarding-information--item-info_right"
                              >
                                16
                              </div>
                            </div>
                          </div>
                        </div>
                        <div
                          class="mt3"
                        >
                          <button
                            class="detailed-trip-card--detail-button button"
                            type="button"
                          >
                            View/Manage
                          </button>
                        </div>
                        <div>
                          <div
                            class="mt3"
                          >
                            <button
                              class="button button--fluid button--yellow"
                              title="Boarding pass"
                              type="button"
                            >
                              Boarding pass
                            </button>
                          </div>
                        </div>
                      </div>
                    </div>
                  </div>
                </div>
                <div
                  class="carousel-child"
                  data-index="1"
                  style="width: 0px; left: 0px; transition-duration: 0ms; webkit-transition-duration: 0ms; webkit-transform: translate(0px,0)translateZ(0);"
                >
                  <div>
                    <div
                      class="detailed-trip-card"
                    >
                      <div
                        class="trip-card-header"
                      >
                        <div
                          class="trip-card-header--date-and-destination"
                        >
                          <span
                            class="trip-card-header--destination-airport"
                          >
                            Austin
                          </span>
                          <span
                            class="trip-card-header--trip-date"
                          >
                            Thu, Oct 12
                          </span>
                        </div>
                        <div
                          class="trip-card-header--icon-or-confirmation-number"
                        >
                          <span
                            class="trip-card-header--confirmation-number"
                          >
                            <span
                              class="trip-card-header--confirmation-number_label"
                            >
                              MY_ACCOUNT__CONFIRMATION_NUMBER
                            </span>
                            <span
                              class="trip-card-header--confirmation-number_number"
                            >
                              STMXQ6
                            </span>
                          </span>
                        </div>
                      </div>
                      <hr
                        class="detailed-trip-card--divider"
                      />
                      <div>
                        <div
                          class="flight-segment-details"
                        >
                          <div
                            class="flight-segment-details--time-and-flight"
                          >
                            <div
                              class="flight-segment-details--time-block"
                            >
                              <div
                                class="flight-segment-details--time-block-label"
                              >
                                SHARED__FLIGHT_SEGMENT_DETAILS__DEPARTS
                              </div>
                              <div
                                class="flight-segment-details--time-block-time"
                              >
                                9:00
                                <span
                                  class="flight-segment-details--time-block-time-ampm"
                                >
                                  AM
                                </span>
                              </div>
                            </div>
                            <div
                              class="flight-segment-details--flight-number"
                            >
                              <div>
                                SHARED__FLIGHT_SEGMENT_DETAILS__FLIGHT
                                 
                                726
                              </div>
                              <i
                                class="icon icon_airplane"
                              />
                            </div>
                            <div
                              class="flight-segment-details--time-block align-right"
                            >
                              <div
                                class="flight-segment-details--time-block-label"
                              >
                                SHARED__FLIGHT_SEGMENT_DETAILS__ARRIVES
                              </div>
                              <div
                                class="flight-segment-details--time-block-time"
                              >
                                9:55
                                <span
                                  class="flight-segment-details--time-block-time-ampm"
                                >
                                  AM
                                </span>
                              </div>
                            </div>
                          </div>
                          <div
                            class="flight-segment-details--airports"
                          >
                            <div
                              class="flight-segment-details--airport-info pr3"
                            >
                              Dallas (Love Field), TX - DAL
                            </div>
                            <div
                              class="flight-segment-details--airport-info pl3 align-right"
                            >
                              Austin, TX - AUS
                            </div>
                          </div>
                        </div>
                        <div
                          class="boarding-info boarding-information center pt5 pb5 mt3"
                        >
                          <div
                            class="boarding-information--item-row"
                          >
                            <div
                              class="boarding-information--item"
                            >
                              <div
                                class="boarding-information--item-label"
                              >
                                SHARED__BOARDING_INFORMATION__GATE
                              </div>
                              <div
                                class="boarding-information--item-info"
                              >
                                ---
                              </div>
                            </div>
                            <div
                              class="boarding-information--item"
                            >
                              <div
                                class="boarding-information--item-label"
                              >
                                SHARED__BOARDING_INFORMATION__GROUP
                              </div>
                              <div
                                class="boarding-information--item-info"
                              >
                                B
                              </div>
                            </div>
                            <div
                              class="boarding-information--item"
                            >
                              <div
                                class="boarding-information--item-label"
                              >
                                SHARED__BOARDING_INFORMATION__POSITION
                              </div>
                              <div
                                class="boarding-information--item-info_right"
                              >
                                39
                              </div>
                            </div>
                          </div>
                        </div>
                        <div
                          class="mt3"
                        >
                          <button
                            class="detailed-trip-card--detail-button button"
                            type="button"
                          >
                            View/Manage
                          </button>
                        </div>
                        <div>
                          <div
                            class="mt3"
                          >
                            <button
                              class="button button--fluid button--yellow"
                              title="Boarding pass"
                              type="button"
                            >
                              Boarding pass
                            </button>
                          </div>
                        </div>
                      </div>
                    </div>
                  </div>
                </div>
              </div>
              <div
                class=""
              >
                <div
                  class="carousel-dots-container"
                >
                  <ul
                    class="carousel-dots carousel-dots--in-footer"
                  >
                    <li
                      class="dot dot--in-footer selected"
                      value="0"
                    />
                    <li
                      class="dot dot--in-footer"
                      value="1"
                    />
                  </ul>
                </div>
              </div>
            </div>
          </div>
        </div>
      </div>
    </div>
  </div>
</div>
`;
