// Jest Snapshot v1, https://goo.gl/fbAQLP

exports[`StandbyList should render standby list enhanced view 1`] = `
<div
  className="standby-body--standby-list"
>
  <div
    className="standby-list--item enhanced-standby-list--item"
    key="0"
  >
    <div
      className="standby-list--item-left"
    >
      <div
        className="standby-list--item-circle confirmed"
      >
        <Icon
          className="confirm-check"
          type="check"
        />
      </div>
    </div>
    <div
      className="standby-list--item-right"
    >
      <span
        className="standby-list--item-name standby-list--item-name-pnr"
      >
        OTHER / TI
      </span>
      <span
        className="standby-list--item-cleared"
      >
        CLEARED
      </span>
    </div>
  </div>
  <div
    className="standby-list--item enhanced-standby-list--item"
    key="1"
  >
    <div
      className="standby-list--item-left"
    >
      <div
        className="standby-list--item-circle unconfirmed"
      >
        <span
          className="standby-list--item-number"
        >
          1
        </span>
      </div>
    </div>
    <div
      className="standby-list--item-right"
    >
      <span
        className="standby-list--item-name"
      >
        ONVAC / SI
      </span>
    </div>
  </div>
</div>
`;
